// Jest Snapshot v1, https://goo.gl/fbAQLP

exports[`Banner component renders a .Banner by default 1`] = `
<div
  className="banner"
>
  <div
    className="banner__search"
  />
  <div
    className="banner__info"
  >
    <h3>
      Are You Looking To Hire Developers On Contract?
    </h3>
    <h5>
      Post a contract job and hire top candidates.
    </h5>
    <WithStyles(ForwardRef(Button))
      onClick={[Function]}
      variant="outlined"
    >
      Post Jobs
    </WithStyles(ForwardRef(Button))>
  </div>
</div>
`;

exports[`Banner component renders the Banner given props 1`] = `
<div
  className="banner"
>
  <div
    className="banner__search"
  />
  <div
    className="banner__info"
  >
    <h3>
      Are You Looking To Hire Developers On Contract?
    </h3>
    <h5>
      Post a contract job and hire top candidates.
    </h5>
    <WithStyles(ForwardRef(Button))
      onClick={[Function]}
      variant="outlined"
    >
      Post Jobs
    </WithStyles(ForwardRef(Button))>
  </div>
</div>
`;
